******************************************************************************
                  TI ARM Linker PC v5.2.5                      
******************************************************************************
>> Linked Wed Feb 10 14:57:02 2016

OUTPUT FILE NAME:   <Lab3.out>
ENTRY POINT SYMBOL: "_c_int00"  address: 0000161d


MEMORY CONFIGURATION

         name            origin    length      used     unused   attr    fill
----------------------  --------  ---------  --------  --------  ----  --------
  FLASH                 00000000   00040000  00001b1e  0003e4e2  R  X
  SRAM                  20000000   00008000  00000240  00007dc0  RW X


SEGMENT ALLOCATION MAP

run origin  load origin   length   init length attrs members
----------  ----------- ---------- ----------- ----- -------
00000000    00000000    00001b20   00001b20    r-x
  00000000    00000000    0000026c   0000026c    r-- .intvecs
  0000026c    0000026c    000016fe   000016fe    r-x .text
  0000196c    0000196c    0000016c   0000016c    r-- .const
  00001ad8    00001ad8    00000048   00000048    r-- .cinit
20000000    20000000    00000240   00000000    rw-
  20000000    20000000    00000200   00000000    rw- .stack
  20000200    20000200    00000038   00000000    rw- .data
  20000238    20000238    00000008   00000000    rw- .bss


SECTION ALLOCATION MAP

 output                                  attributes/
section   page    origin      length       input sections
--------  ----  ----------  ----------   ----------------
.intvecs   0    00000000    0000026c     
                  00000000    0000026c     tm4c123gh6pm_startup_ccs.obj (.intvecs)

.text      0    0000026c    000016fe     
                  0000026c    000006ac     main.obj (.text)
                  00000918    00000220     hsv.obj (.text)
                  00000b38    000001b6     rtsv7M4_T_le_v4SPD16_eabi.lib : fd_add_t2.obj (.text)
                  00000cee    00000136                                   : fd_div_t2.obj (.text)
                  00000e24    00000132     driverlib.lib : gpio.obj (.text:GPIOPadConfigSet)
                  00000f56    00000002     --HOLE-- [fill = 0]
                  00000f58    00000110                   : sysctl.obj (.text:SysCtlClockGet)
                  00001068    000000fc     rtsv7M4_T_le_v4SPD16_eabi.lib : fd_mul_t2.obj (.text)
                  00001164    000000f4     driverlib.lib : sysctl.obj (.text:SysCtlClockSet)
                  00001258    0000009c     rtsv7M4_T_le_v4SPD16_eabi.lib : memcpy_t2.obj (.text)
                  000012f4    00000086                                   : fd_cmp_t2.obj (.text:__aeabi_cdcmple)
                  0000137a    00000086                                   : fd_cmp_t2.obj (.text:__aeabi_cdrcmple)
                  00001400    0000007a                                   : memset_t2.obj (.text)
                  0000147a    00000002     --HOLE-- [fill = 0]
                  0000147c    0000006c                                   : autoinit.obj (.text)
                  000014e8    0000006a                                   : copy_decompress_rle.obj (.text)
                  00001552    00000002     --HOLE-- [fill = 0]
                  00001554    00000068     driverlib.lib : interrupt.obj (.text:IntEnable)
                  000015bc    00000060                   : timer.obj (.text:TimerConfigure)
                  0000161c    00000050     rtsv7M4_T_le_v4SPD16_eabi.lib : boot.obj (.text)
                  0000166c    0000004c                                   : cpy_tbl.obj (.text)
                  000016b8    00000048     driverlib.lib : gpio.obj (.text:GPIOPinConfigure)
                  00001700    00000048     rtsv7M4_T_le_v4SPD16_eabi.lib : fd_toi_t2.obj (.text)
                  00001748    00000044                                   : exit.obj (.text)
                  0000178c    00000034     driverlib.lib : sysctl.obj (.text:SysCtlPeripheralEnable)
                  000017c0    0000002e     rtsv7M4_T_le_v4SPD16_eabi.lib : i_tofd_t2.obj (.text)
                  000017ee    0000002a     driverlib.lib : gpio.obj (.text:GPIODirModeSet)
                  00001818    00000022                   : pwm.obj (.text:PWMGenConfigure)
                  0000183a    0000001e                   : pwm.obj (.text:PWMPulseWidthSet)
                  00001858    00000018                   : gpio.obj (.text:GPIOPinTypeGPIOOutput)
                  00001870    00000018     rtsv7M4_T_le_v4SPD16_eabi.lib : args_main.obj (.text)
                  00001888    00000014     driverlib.lib : sysctl.obj (.text:SysCtlPWMClockSet)
                  0000189c    00000014     rtsv7M4_T_le_v4SPD16_eabi.lib : _lock.obj (.text)
                  000018b0    00000012     driverlib.lib : gpio.obj (.text:GPIOPinTypeGPIOInput)
                  000018c2    00000012                   : gpio.obj (.text:GPIOPinTypePWM)
                  000018d4    00000012                   : pwm.obj (.text:PWMOutputState)
                  000018e6    00000012                   : timer.obj (.text:TimerLoadSet)
                  000018f8    00000010                   : pwm.obj (.text:PWMGenPeriodSet)
                  00001908    0000000e                   : timer.obj (.text:TimerEnable)
                  00001916    0000000e     rtsv7M4_T_le_v4SPD16_eabi.lib : copy_decompress_none.obj (.text:decompress:none)
                  00001924    0000000c     driverlib.lib : pwm.obj (.text:PWMGenEnable)
                  00001930    0000000c     rtsv7M4_T_le_v4SPD16_eabi.lib : copy_zero_init.obj (.text:decompress:ZI)
                  0000193c    0000000c     tm4c123gh6pm_startup_ccs.obj (.text)
                  00001948    00000008     driverlib.lib : timer.obj (.text:TimerIntEnable)
                  00001950    00000006                   : gpio.obj (.text:GPIOPinRead)
                  00001956    00000006                   : sysctl.obj (.text:SysCtlDelay)
                  0000195c    00000006     rtsv7M4_T_le_v4SPD16_eabi.lib : copy_decompress_rle.obj (.text:decompress:rle24)
                  00001962    00000004     driverlib.lib : timer.obj (.text:TimerIntClear)
                  00001966    00000004     rtsv7M4_T_le_v4SPD16_eabi.lib : pre_init.obj (.text)

.const     0    0000196c    0000016c     
                  0000196c    00000090     driverlib.lib : gpio.obj (.const:g_pui32GPIOBaseAddrs)
                  000019fc    00000070                   : interrupt.obj (.const)
                  00001a6c    0000006c                   : sysctl.obj (.const:g_pui32Xtals)

.cinit     0    00001ad8    00000048     
                  00001ad8    00000024     (.cinit..data.load) [load image, compression = rle]
                  00001afc    0000000c     (__TI_handler_table)
                  00001b08    00000008     (.cinit..bss.load) [load image, compression = zero_init]
                  00001b10    00000010     (__TI_cinit_table)

.init_array 
*          0    00000000    00000000     UNINITIALIZED

.stack     0    20000000    00000200     UNINITIALIZED
                  20000000    00000200     --HOLE--

.data      0    20000200    00000038     UNINITIALIZED
                  20000200    00000024     main.obj (.data)
                  20000224    00000008     rtsv7M4_T_le_v4SPD16_eabi.lib : _lock.obj (.data)
                  2000022c    00000008                                   : exit.obj (.data)
                  20000234    00000004                                   : stkdepth_vars.obj (.data)

.bss       0    20000238    00000008     UNINITIALIZED
                  20000238    00000004     (.common:keyState)
                  2000023c    00000004     (.common:ui32Load)

.TI.persistent 
*          0    20000200    00000000     UNINITIALIZED

.TI.noinit 
*          0    20000238    00000000     UNINITIALIZED


LINKER GENERATED COPY TABLES

__TI_cinit_table @ 00001b10 records: 2, size/record: 8, table size: 16
	.data: load addr=00001ad8, load size=00000024 bytes, run addr=20000200, run size=00000038 bytes, compression=rle
	.bss: load addr=00001b08, load size=00000008 bytes, run addr=20000238, run size=00000008 bytes, compression=zero_init


LINKER GENERATED HANDLER TABLE

__TI_handler_table @ 00001afc records: 3, size/record: 4, table size: 12
	index: 0, handler: __TI_decompress_rle24
	index: 1, handler: __TI_decompress_none
	index: 2, handler: __TI_zero_init


GLOBAL SYMBOLS: SORTED ALPHABETICALLY BY Name 

address   name                    
-------   ----                    
00001749  C$$EXIT                 
000017ef  GPIODirModeSet          
00000e25  GPIOPadConfigSet        
000016b9  GPIOPinConfigure        
00001951  GPIOPinRead             
000018b1  GPIOPinTypeGPIOInput    
00001859  GPIOPinTypeGPIOOutput   
000018c3  GPIOPinTypePWM          
00001555  IntEnable               
00001819  PWMGenConfigure         
00001925  PWMGenEnable            
000018f9  PWMGenPeriodSet         
000018d5  PWMOutputState          
0000183b  PWMPulseWidthSet        
0000193d  ResetISR                
UNDEFED   SHT$$INIT_ARRAY$$Base   
UNDEFED   SHT$$INIT_ARRAY$$Limit  
00000f59  SysCtlClockGet          
00001165  SysCtlClockSet          
00001957  SysCtlDelay             
00001889  SysCtlPWMClockSet       
0000178d  SysCtlPeripheralEnable  
00000749  Timer0IntHandler        
000015bd  TimerConfigure          
00001909  TimerEnable             
00001963  TimerIntClear           
00001949  TimerIntEnable          
000018e7  TimerLoadSet            
20000200  __STACK_END             
00000200  __STACK_SIZE            
20000200  __STACK_TOP             
00001b10  __TI_CINIT_Base         
00001b20  __TI_CINIT_Limit        
00001afc  __TI_Handler_Table_Base 
00001b08  __TI_Handler_Table_Limit
0000147d  __TI_auto_init          
2000022c  __TI_cleanup_ptr        
00001917  __TI_decompress_none    
0000195d  __TI_decompress_rle24   
20000230  __TI_dtors_ptr          
00000000  __TI_static_base__      
00001931  __TI_zero_init          
000012f5  __aeabi_cdcmpeq         
000012f5  __aeabi_cdcmple         
0000137b  __aeabi_cdrcmple        
00001701  __aeabi_d2iz            
00000b43  __aeabi_dadd            
00000cef  __aeabi_ddiv            
00001069  __aeabi_dmul            
00000b39  __aeabi_dsub            
000017c1  __aeabi_i2d             
00001401  __aeabi_memclr          
00001401  __aeabi_memclr4         
00001401  __aeabi_memclr8         
00001259  __aeabi_memcpy          
00001259  __aeabi_memcpy4         
00001259  __aeabi_memcpy8         
00001403  __aeabi_memset          
00001403  __aeabi_memset4         
00001403  __aeabi_memset8         
ffffffff  __binit__               
ffffffff  __c_args__              
20000000  __stack                 
00001871  _args_main              
0000161d  _c_int00                
20000224  _lock                   
000018ab  _nop                    
000018a3  _register_lock          
0000189d  _register_unlock        
00001967  _system_pre_init        
20000228  _unlock                 
0000174d  abort                   
ffffffff  binit                   
20000208  blueIntensity           
00000609  changeColor             
0000166d  copy_in                 
00001755  exit                    
00000000  g_pfnVectors            
2000020c  greenIntensity          
00000919  hsv2rgb                 
20000218  hue                     
20000220  keyHeldTime             
00000401  keyPress                
20000238  keyState                
0000027d  ledPinConfig            
000003cb  main                    
20000234  main_func_sp            
00001259  memcpy                  
00001409  memset                  
20000200  mode                    
000002f7  pwmConfig               
20000204  redIntensity            
0000026d  setup                   
00000289  switchPinConfig         
000002b7  timerConfig             
20000210  transitionSpeed         
2000023c  ui32Load                


GLOBAL SYMBOLS: SORTED BY Symbol Address 

address   name                    
-------   ----                    
00000000  __TI_static_base__      
00000000  g_pfnVectors            
00000200  __STACK_SIZE            
0000026d  setup                   
0000027d  ledPinConfig            
00000289  switchPinConfig         
000002b7  timerConfig             
000002f7  pwmConfig               
000003cb  main                    
00000401  keyPress                
00000609  changeColor             
00000749  Timer0IntHandler        
00000919  hsv2rgb                 
00000b39  __aeabi_dsub            
00000b43  __aeabi_dadd            
00000cef  __aeabi_ddiv            
00000e25  GPIOPadConfigSet        
00000f59  SysCtlClockGet          
00001069  __aeabi_dmul            
00001165  SysCtlClockSet          
00001259  __aeabi_memcpy          
00001259  __aeabi_memcpy4         
00001259  __aeabi_memcpy8         
00001259  memcpy                  
000012f5  __aeabi_cdcmpeq         
000012f5  __aeabi_cdcmple         
0000137b  __aeabi_cdrcmple        
00001401  __aeabi_memclr          
00001401  __aeabi_memclr4         
00001401  __aeabi_memclr8         
00001403  __aeabi_memset          
00001403  __aeabi_memset4         
00001403  __aeabi_memset8         
00001409  memset                  
0000147d  __TI_auto_init          
00001555  IntEnable               
000015bd  TimerConfigure          
0000161d  _c_int00                
0000166d  copy_in                 
000016b9  GPIOPinConfigure        
00001701  __aeabi_d2iz            
00001749  C$$EXIT                 
0000174d  abort                   
00001755  exit                    
0000178d  SysCtlPeripheralEnable  
000017c1  __aeabi_i2d             
000017ef  GPIODirModeSet          
00001819  PWMGenConfigure         
0000183b  PWMPulseWidthSet        
00001859  GPIOPinTypeGPIOOutput   
00001871  _args_main              
00001889  SysCtlPWMClockSet       
0000189d  _register_unlock        
000018a3  _register_lock          
000018ab  _nop                    
000018b1  GPIOPinTypeGPIOInput    
000018c3  GPIOPinTypePWM          
000018d5  PWMOutputState          
000018e7  TimerLoadSet            
000018f9  PWMGenPeriodSet         
00001909  TimerEnable             
00001917  __TI_decompress_none    
00001925  PWMGenEnable            
00001931  __TI_zero_init          
0000193d  ResetISR                
00001949  TimerIntEnable          
00001951  GPIOPinRead             
00001957  SysCtlDelay             
0000195d  __TI_decompress_rle24   
00001963  TimerIntClear           
00001967  _system_pre_init        
00001afc  __TI_Handler_Table_Base 
00001b08  __TI_Handler_Table_Limit
00001b10  __TI_CINIT_Base         
00001b20  __TI_CINIT_Limit        
20000000  __stack                 
20000200  __STACK_END             
20000200  __STACK_TOP             
20000200  mode                    
20000204  redIntensity            
20000208  blueIntensity           
2000020c  greenIntensity          
20000210  transitionSpeed         
20000218  hue                     
20000220  keyHeldTime             
20000224  _lock                   
20000228  _unlock                 
2000022c  __TI_cleanup_ptr        
20000230  __TI_dtors_ptr          
20000234  main_func_sp            
20000238  keyState                
2000023c  ui32Load                
ffffffff  __binit__               
ffffffff  __c_args__              
ffffffff  binit                   
UNDEFED   SHT$$INIT_ARRAY$$Base   
UNDEFED   SHT$$INIT_ARRAY$$Limit  

[97 symbols]
