******************************************************************************
                  TI ARM Linker PC v5.2.5                      
******************************************************************************
>> Linked Wed Feb 03 15:31:36 2016

OUTPUT FILE NAME:   <Lab2.out>
ENTRY POINT SYMBOL: "_c_int00"  address: 00000a39


MEMORY CONFIGURATION

         name            origin    length      used     unused   attr    fill
----------------------  --------  ---------  --------  --------  ----  --------
  FLASH                 00000000   00040000  00000d6c  0003f294  R  X
  SRAM                  20000000   00008000  0000021e  00007de2  RW X


SEGMENT ALLOCATION MAP

run origin  load origin   length   init length attrs members
----------  ----------- ---------- ----------- ----- -------
00000000    00000000    00000d70   00000d70    r-x
  00000000    00000000    0000026c   0000026c    r-- .intvecs
  0000026c    0000026c    000009ec   000009ec    r-x .text
  00000c58    00000c58    000000dc   000000dc    r-- .const
  00000d38    00000d38    00000038   00000038    r-- .cinit
20000000    20000000    0000021e   00000000    rw-
  20000000    20000000    00000200   00000000    rw- .stack
  20000200    20000200    0000001c   00000000    rw- .data
  2000021c    2000021c    00000002   00000000    rw- .bss


SECTION ALLOCATION MAP

 output                                  attributes/
section   page    origin      length       input sections
--------  ----  ----------  ----------   ----------------
.intvecs   0    00000000    0000026c     
                  00000000    0000026c     tm4c123gh6pm_startup_ccs.obj (.intvecs)

.text      0    0000026c    000009ec     
                  0000026c    000001dc     main.obj (.text)
                  00000448    00000132     driverlib.lib : gpio.obj (.text:GPIOPadConfigSet)
                  0000057a    00000002     --HOLE-- [fill = 0]
                  0000057c    00000110                   : sysctl.obj (.text:SysCtlClockGet)
                  0000068c    000000f4                   : sysctl.obj (.text:SysCtlClockSet)
                  00000780    0000009c     rtsv7M4_T_le_v4SPD16_eabi.lib : memcpy_t2.obj (.text)
                  0000081c    0000007a                                   : memset_t2.obj (.text)
                  00000896    00000002     --HOLE-- [fill = 0]
                  00000898    0000006c                                   : autoinit.obj (.text)
                  00000904    0000006a                                   : copy_decompress_rle.obj (.text)
                  0000096e    00000002     --HOLE-- [fill = 0]
                  00000970    00000068     driverlib.lib : interrupt.obj (.text:IntEnable)
                  000009d8    00000060                   : timer.obj (.text:TimerConfigure)
                  00000a38    00000050     rtsv7M4_T_le_v4SPD16_eabi.lib : boot.obj (.text)
                  00000a88    0000004c                                   : cpy_tbl.obj (.text)
                  00000ad4    00000044                                   : exit.obj (.text)
                  00000b18    00000034     driverlib.lib : sysctl.obj (.text:SysCtlPeripheralEnable)
                  00000b4c    0000002a                   : gpio.obj (.text:GPIODirModeSet)
                  00000b76    00000018                   : gpio.obj (.text:GPIOPinTypeGPIOOutput)
                  00000b8e    00000002     --HOLE-- [fill = 0]
                  00000b90    00000018     rtsv7M4_T_le_v4SPD16_eabi.lib : args_main.obj (.text)
                  00000ba8    00000014                                   : _lock.obj (.text)
                  00000bbc    00000012     driverlib.lib : gpio.obj (.text:GPIOPinTypeGPIOInput)
                  00000bce    00000012                   : timer.obj (.text:TimerLoadSet)
                  00000be0    00000010                   : interrupt.obj (.text:IntMasterEnable)
                  00000bf0    0000000e                   : timer.obj (.text:TimerEnable)
                  00000bfe    0000000e     rtsv7M4_T_le_v4SPD16_eabi.lib : copy_decompress_none.obj (.text:decompress:none)
                  00000c0c    0000000c     driverlib.lib : cpu.obj (.text:CPUcpsie)
                  00000c18    0000000c     rtsv7M4_T_le_v4SPD16_eabi.lib : copy_zero_init.obj (.text:decompress:ZI)
                  00000c24    0000000c     tm4c123gh6pm_startup_ccs.obj (.text)
                  00000c30    00000008     driverlib.lib : timer.obj (.text:TimerIntEnable)
                  00000c38    00000006                   : gpio.obj (.text:GPIOPinRead)
                  00000c3e    00000006                   : gpio.obj (.text:GPIOPinWrite)
                  00000c44    00000006                   : sysctl.obj (.text:SysCtlDelay)
                  00000c4a    00000006     rtsv7M4_T_le_v4SPD16_eabi.lib : copy_decompress_rle.obj (.text:decompress:rle24)
                  00000c50    00000004     driverlib.lib : timer.obj (.text:TimerIntClear)
                  00000c54    00000004     rtsv7M4_T_le_v4SPD16_eabi.lib : pre_init.obj (.text)

.const     0    00000c58    000000dc     
                  00000c58    00000070     driverlib.lib : interrupt.obj (.const)
                  00000cc8    0000006c                   : sysctl.obj (.const:g_pui32Xtals)

.cinit     0    00000d38    00000038     
                  00000d38    00000013     (.cinit..data.load) [load image, compression = rle]
                  00000d4b    00000001     --HOLE-- [fill = 0]
                  00000d4c    0000000c     (__TI_handler_table)
                  00000d58    00000008     (.cinit..bss.load) [load image, compression = zero_init]
                  00000d60    00000010     (__TI_cinit_table)

.init_array 
*          0    00000000    00000000     UNINITIALIZED

.stack     0    20000000    00000200     UNINITIALIZED
                  20000000    00000200     --HOLE--

.data      0    20000200    0000001c     UNINITIALIZED
                  20000200    00000008     rtsv7M4_T_le_v4SPD16_eabi.lib : _lock.obj (.data)
                  20000208    00000008                                   : exit.obj (.data)
                  20000210    00000005     main.obj (.data)
                  20000215    00000003     --HOLE--
                  20000218    00000004     rtsv7M4_T_le_v4SPD16_eabi.lib : stkdepth_vars.obj (.data)

.bss       0    2000021c    00000002     UNINITIALIZED
                  2000021c    00000001     (.common:sw1State)
                  2000021d    00000001     (.common:sw2State)

.TI.persistent 
*          0    20000200    00000000     UNINITIALIZED

.TI.noinit 
*          0    2000021c    00000000     UNINITIALIZED


LINKER GENERATED COPY TABLES

__TI_cinit_table @ 00000d60 records: 2, size/record: 8, table size: 16
	.data: load addr=00000d38, load size=00000013 bytes, run addr=20000200, run size=0000001c bytes, compression=rle
	.bss: load addr=00000d58, load size=00000008 bytes, run addr=2000021c, run size=00000002 bytes, compression=zero_init


LINKER GENERATED HANDLER TABLE

__TI_handler_table @ 00000d4c records: 3, size/record: 4, table size: 12
	index: 0, handler: __TI_decompress_rle24
	index: 1, handler: __TI_decompress_none
	index: 2, handler: __TI_zero_init


GLOBAL SYMBOLS: SORTED ALPHABETICALLY BY Name 

address   name                    
-------   ----                    
00000ad5  C$$EXIT                 
00000c0d  CPUcpsie                
00000b4d  GPIODirModeSet          
00000449  GPIOPadConfigSet        
00000c39  GPIOPinRead             
00000bbd  GPIOPinTypeGPIOInput    
00000b77  GPIOPinTypeGPIOOutput   
00000c3f  GPIOPinWrite            
00000971  IntEnable               
00000be1  IntMasterEnable         
00000c25  ResetISR                
UNDEFED   SHT$$INIT_ARRAY$$Base   
UNDEFED   SHT$$INIT_ARRAY$$Limit  
0000057d  SysCtlClockGet          
0000068d  SysCtlClockSet          
00000c45  SysCtlDelay             
00000b19  SysCtlPeripheralEnable  
000003c3  Timer0IntHandler        
000009d9  TimerConfigure          
00000bf1  TimerEnable             
00000c51  TimerIntClear           
00000c31  TimerIntEnable          
00000bcf  TimerLoadSet            
20000200  __STACK_END             
00000200  __STACK_SIZE            
20000200  __STACK_TOP             
00000d60  __TI_CINIT_Base         
00000d70  __TI_CINIT_Limit        
00000d4c  __TI_Handler_Table_Base 
00000d58  __TI_Handler_Table_Limit
00000899  __TI_auto_init          
20000208  __TI_cleanup_ptr        
00000bff  __TI_decompress_none    
00000c4b  __TI_decompress_rle24   
2000020c  __TI_dtors_ptr          
00000000  __TI_static_base__      
00000c19  __TI_zero_init          
0000081d  __aeabi_memclr          
0000081d  __aeabi_memclr4         
0000081d  __aeabi_memclr8         
00000781  __aeabi_memcpy          
00000781  __aeabi_memcpy4         
00000781  __aeabi_memcpy8         
0000081f  __aeabi_memset          
0000081f  __aeabi_memset4         
0000081f  __aeabi_memset8         
ffffffff  __binit__               
ffffffff  __c_args__              
20000000  __stack                 
00000b91  _args_main              
00000a39  _c_int00                
20000200  _lock                   
00000bb7  _nop                    
00000baf  _register_lock          
00000ba9  _register_unlock        
00000c55  _system_pre_init        
20000204  _unlock                 
00000ad9  abort                   
ffffffff  binit                   
00000a89  copy_in                 
0000030f  detectSW1Press          
00000369  detectSW2Press          
00000ae1  exit                    
00000000  g_pfnVectors            
0000027d  ledPinConfig            
000002fb  main                    
20000218  main_func_sp            
00000781  memcpy                  
00000825  memset                  
0000026d  setup                   
2000021c  sw1State                
2000021d  sw2State                
20000210  sw2Status               
00000289  switchPinConfig         
000002b7  timerConfig             
20000214  ui8LED                  


GLOBAL SYMBOLS: SORTED BY Symbol Address 

address   name                    
-------   ----                    
00000000  __TI_static_base__      
00000000  g_pfnVectors            
00000200  __STACK_SIZE            
0000026d  setup                   
0000027d  ledPinConfig            
00000289  switchPinConfig         
000002b7  timerConfig             
000002fb  main                    
0000030f  detectSW1Press          
00000369  detectSW2Press          
000003c3  Timer0IntHandler        
00000449  GPIOPadConfigSet        
0000057d  SysCtlClockGet          
0000068d  SysCtlClockSet          
00000781  __aeabi_memcpy          
00000781  __aeabi_memcpy4         
00000781  __aeabi_memcpy8         
00000781  memcpy                  
0000081d  __aeabi_memclr          
0000081d  __aeabi_memclr4         
0000081d  __aeabi_memclr8         
0000081f  __aeabi_memset          
0000081f  __aeabi_memset4         
0000081f  __aeabi_memset8         
00000825  memset                  
00000899  __TI_auto_init          
00000971  IntEnable               
000009d9  TimerConfigure          
00000a39  _c_int00                
00000a89  copy_in                 
00000ad5  C$$EXIT                 
00000ad9  abort                   
00000ae1  exit                    
00000b19  SysCtlPeripheralEnable  
00000b4d  GPIODirModeSet          
00000b77  GPIOPinTypeGPIOOutput   
00000b91  _args_main              
00000ba9  _register_unlock        
00000baf  _register_lock          
00000bb7  _nop                    
00000bbd  GPIOPinTypeGPIOInput    
00000bcf  TimerLoadSet            
00000be1  IntMasterEnable         
00000bf1  TimerEnable             
00000bff  __TI_decompress_none    
00000c0d  CPUcpsie                
00000c19  __TI_zero_init          
00000c25  ResetISR                
00000c31  TimerIntEnable          
00000c39  GPIOPinRead             
00000c3f  GPIOPinWrite            
00000c45  SysCtlDelay             
00000c4b  __TI_decompress_rle24   
00000c51  TimerIntClear           
00000c55  _system_pre_init        
00000d4c  __TI_Handler_Table_Base 
00000d58  __TI_Handler_Table_Limit
00000d60  __TI_CINIT_Base         
00000d70  __TI_CINIT_Limit        
20000000  __stack                 
20000200  __STACK_END             
20000200  __STACK_TOP             
20000200  _lock                   
20000204  _unlock                 
20000208  __TI_cleanup_ptr        
2000020c  __TI_dtors_ptr          
20000210  sw2Status               
20000214  ui8LED                  
20000218  main_func_sp            
2000021c  sw1State                
2000021d  sw2State                
ffffffff  __binit__               
ffffffff  __c_args__              
ffffffff  binit                   
UNDEFED   SHT$$INIT_ARRAY$$Base   
UNDEFED   SHT$$INIT_ARRAY$$Limit  

[76 symbols]
