******************************************************************************
                  TI ARM Linker PC v5.2.5                      
******************************************************************************
>> Linked Wed Feb 17 02:47:11 2016

OUTPUT FILE NAME:   <Lab4.out>
ENTRY POINT SYMBOL: "_c_int00"  address: 00000d39


MEMORY CONFIGURATION

         name            origin    length      used     unused   attr    fill
----------------------  --------  ---------  --------  --------  ----  --------
  FLASH                 00000000   00040000  000012e0  0003ed20  R  X
  SRAM                  20000000   00008000  0000023c  00007dc4  RW X


SEGMENT ALLOCATION MAP

run origin  load origin   length   init length attrs members
----------  ----------- ---------- ----------- ----- -------
00000000    00000000    000012e0   000012e0    r-x
  00000000    00000000    0000026c   0000026c    r-- .intvecs
  0000026c    0000026c    00000ec8   00000ec8    r-x .text
  00001134    00001134    0000016c   0000016c    r-- .const
  000012a0    000012a0    00000040   00000040    r-- .cinit
20000000    20000000    0000023c   00000000    rw-
  20000000    20000000    00000200   00000000    rw- .stack
  20000200    20000200    00000020   00000000    rw- .bss
  20000220    20000220    0000001c   00000000    rw- .data


SECTION ALLOCATION MAP

 output                                  attributes/
section   page    origin      length       input sections
--------  ----  ----------  ----------   ----------------
.intvecs   0    00000000    0000026c     
                  00000000    0000026c     tm4c123gh6pm_startup_ccs.obj (.intvecs)

.text      0    0000026c    00000ec8     
                  0000026c    00000464     main.obj (.text)
                  000006d0    00000132     driverlib.lib : gpio.obj (.text:GPIOPadConfigSet)
                  00000802    00000002     --HOLE-- [fill = 0]
                  00000804    00000110                   : sysctl.obj (.text:SysCtlClockGet)
                  00000914    000000f4                   : sysctl.obj (.text:SysCtlClockSet)
                  00000a08    0000009c     rtsv7M4_T_le_v4SPD16_eabi.lib : memcpy_t2.obj (.text)
                  00000aa4    0000007a     driverlib.lib : adc.obj (.text:ADCSequenceStepConfigure)
                  00000b1e    0000007a     rtsv7M4_T_le_v4SPD16_eabi.lib : memset_t2.obj (.text)
                  00000b98    0000006c                                   : autoinit.obj (.text)
                  00000c04    0000006a                                   : copy_decompress_rle.obj (.text)
                  00000c6e    00000002     --HOLE-- [fill = 0]
                  00000c70    00000068     driverlib.lib : interrupt.obj (.text:IntEnable)
                  00000cd8    00000060                   : timer.obj (.text:TimerConfigure)
                  00000d38    00000050     rtsv7M4_T_le_v4SPD16_eabi.lib : boot.obj (.text)
                  00000d88    0000004c                                   : cpy_tbl.obj (.text)
                  00000dd4    00000048     driverlib.lib : gpio.obj (.text:GPIOPinConfigure)
                  00000e1c    00000046                   : uart.obj (.text:UARTConfigSetExpClk)
                  00000e62    00000002     --HOLE-- [fill = 0]
                  00000e64    00000044     rtsv7M4_T_le_v4SPD16_eabi.lib : exit.obj (.text)
                  00000ea8    0000003e     driverlib.lib : adc.obj (.text:ADCSequenceConfigure)
                  00000ee6    00000002     --HOLE-- [fill = 0]
                  00000ee8    00000034                   : sysctl.obj (.text:SysCtlPeripheralEnable)
                  00000f1c    0000002e                   : adc.obj (.text:ADCIntStatus)
                  00000f4a    0000002a                   : gpio.obj (.text:GPIODirModeSet)
                  00000f74    00000020                   : uart.obj (.text:UARTDisable)
                  00000f94    0000001e                   : adc.obj (.text:ADCSequenceDataGet)
                  00000fb2    00000018                   : adc.obj (.text:ADCProcessorTrigger)
                  00000fca    00000018                   : gpio.obj (.text:GPIOPinTypeGPIOOutput)
                  00000fe2    00000002     --HOLE-- [fill = 0]
                  00000fe4    00000018     rtsv7M4_T_le_v4SPD16_eabi.lib : args_main.obj (.text)
                  00000ffc    00000014     driverlib.lib : uart.obj (.text:UARTEnable)
                  00001010    00000014     rtsv7M4_T_le_v4SPD16_eabi.lib : _lock.obj (.text)
                  00001024    00000012     driverlib.lib : gpio.obj (.text:GPIOPinTypeUART)
                  00001036    00000012                   : timer.obj (.text:TimerLoadSet)
                  00001048    00000010                   : interrupt.obj (.text:IntMasterDisable)
                  00001058    00000010                   : interrupt.obj (.text:IntMasterEnable)
                  00001068    0000000e                   : adc.obj (.text:ADCSequenceEnable)
                  00001076    0000000e                   : timer.obj (.text:TimerEnable)
                  00001084    0000000e                   : uart.obj (.text:UARTCharGetNonBlocking)
                  00001092    0000000e                   : uart.obj (.text:UARTCharsAvail)
                  000010a0    0000000e     rtsv7M4_T_le_v4SPD16_eabi.lib : copy_decompress_none.obj (.text:decompress:none)
                  000010ae    0000000c     driverlib.lib : cpu.obj (.text:CPUcpsid)
                  000010ba    0000000c                   : cpu.obj (.text:CPUcpsie)
                  000010c6    0000000c     rtsv7M4_T_le_v4SPD16_eabi.lib : copy_zero_init.obj (.text:decompress:ZI)
                  000010d2    0000000c     tm4c123gh6pm_startup_ccs.obj (.text)
                  000010de    0000000a     driverlib.lib : adc.obj (.text:ADCIntClear)
                  000010e8    0000000a                   : uart.obj (.text:UARTCharGet)
                  000010f2    0000000a                   : uart.obj (.text:UARTCharPut)
                  000010fc    0000000a                   : uart.obj (.text:UARTIntStatus)
                  00001106    00000008                   : timer.obj (.text:TimerIntEnable)
                  0000110e    00000008                   : uart.obj (.text:UARTIntEnable)
                  00001116    00000006                   : gpio.obj (.text:GPIOPinWrite)
                  0000111c    00000006                   : sysctl.obj (.text:SysCtlDelay)
                  00001122    00000006     rtsv7M4_T_le_v4SPD16_eabi.lib : copy_decompress_rle.obj (.text:decompress:rle24)
                  00001128    00000004     driverlib.lib : timer.obj (.text:TimerIntClear)
                  0000112c    00000004                   : uart.obj (.text:UARTIntClear)
                  00001130    00000004     rtsv7M4_T_le_v4SPD16_eabi.lib : pre_init.obj (.text)

.const     0    00001134    0000016c     
                  00001134    00000090     driverlib.lib : gpio.obj (.const:g_pui32GPIOBaseAddrs)
                  000011c4    00000070                   : interrupt.obj (.const)
                  00001234    0000006c                   : sysctl.obj (.const:g_pui32Xtals)

.cinit     0    000012a0    00000040     
                  000012a0    00000017     (.cinit..data.load) [load image, compression = rle]
                  000012b7    00000001     --HOLE-- [fill = 0]
                  000012b8    0000000c     (__TI_handler_table)
                  000012c4    00000004     --HOLE-- [fill = 0]
                  000012c8    00000008     (.cinit..bss.load) [load image, compression = zero_init]
                  000012d0    00000010     (__TI_cinit_table)

.init_array 
*          0    00000000    00000000     UNINITIALIZED

.stack     0    20000000    00000200     UNINITIALIZED
                  20000000    00000200     --HOLE--

.bss       0    20000200    00000020     UNINITIALIZED
                  20000200    00000010     (.common:ui32ADC0Value)
                  20000210    00000004     (.common:num)
                  20000214    00000004     (.common:ui32TempAvg)
                  20000218    00000004     (.common:ui32TempValueC)
                  2000021c    00000004     (.common:ui32TempValueF)

.TI.noinit 
*          0    20000200    00000000     UNINITIALIZED

.data      0    20000220    0000001c     UNINITIALIZED
                  20000220    00000008     main.obj (.data)
                  20000228    00000008     rtsv7M4_T_le_v4SPD16_eabi.lib : _lock.obj (.data)
                  20000230    00000008                                   : exit.obj (.data)
                  20000238    00000004                                   : stkdepth_vars.obj (.data)

.TI.persistent 
*          0    20000220    00000000     UNINITIALIZED


LINKER GENERATED COPY TABLES

__TI_cinit_table @ 000012d0 records: 2, size/record: 8, table size: 16
	.data: load addr=000012a0, load size=00000017 bytes, run addr=20000220, run size=0000001c bytes, compression=rle
	.bss: load addr=000012c8, load size=00000008 bytes, run addr=20000200, run size=00000020 bytes, compression=zero_init


LINKER GENERATED HANDLER TABLE

__TI_handler_table @ 000012b8 records: 3, size/record: 4, table size: 12
	index: 0, handler: __TI_decompress_rle24
	index: 1, handler: __TI_decompress_none
	index: 2, handler: __TI_zero_init


GLOBAL SYMBOLS: SORTED ALPHABETICALLY BY Name 

address   name                    
-------   ----                    
000003b7  ADCConfig               
000010df  ADCIntClear             
00000f1d  ADCIntStatus            
00000fb3  ADCProcessorTrigger     
00000ea9  ADCSequenceConfigure    
00000f95  ADCSequenceDataGet      
00001069  ADCSequenceEnable       
00000aa5  ADCSequenceStepConfigure
00000e65  C$$EXIT                 
000010af  CPUcpsid                
000010bb  CPUcpsie                
00000f4b  GPIODirModeSet          
000006d1  GPIOPadConfigSet        
00000dd5  GPIOPinConfigure        
00000fcb  GPIOPinTypeGPIOOutput   
00001025  GPIOPinTypeUART         
00001117  GPIOPinWrite            
00000c71  IntEnable               
00001049  IntMasterDisable        
00001059  IntMasterEnable         
000010d3  ResetISR                
UNDEFED   SHT$$INIT_ARRAY$$Base   
UNDEFED   SHT$$INIT_ARRAY$$Limit  
00000805  SysCtlClockGet          
00000915  SysCtlClockSet          
0000111d  SysCtlDelay             
00000ee9  SysCtlPeripheralEnable  
000004e1  Timer0IntHandler        
00000cd9  TimerConfigure          
00001077  TimerEnable             
00001129  TimerIntClear           
00001107  TimerIntEnable          
00001037  TimerLoadSet            
000010e9  UARTCharGet             
00001085  UARTCharGetNonBlocking  
000010f3  UARTCharPut             
00001093  UARTCharsAvail          
0000036f  UARTConfig              
00000e1d  UARTConfigSetExpClk     
00000f75  UARTDisable             
00000ffd  UARTEnable              
0000112d  UARTIntClear            
0000110f  UARTIntEnable           
000005f5  UARTIntHandler          
000010fd  UARTIntStatus           
0000026d  UARTSend                
20000200  __STACK_END             
00000200  __STACK_SIZE            
20000200  __STACK_TOP             
000012d0  __TI_CINIT_Base         
000012e0  __TI_CINIT_Limit        
000012b8  __TI_Handler_Table_Base 
000012c4  __TI_Handler_Table_Limit
00000b99  __TI_auto_init          
20000230  __TI_cleanup_ptr        
000010a1  __TI_decompress_none    
00001123  __TI_decompress_rle24   
20000234  __TI_dtors_ptr          
00000000  __TI_static_base__      
000010c7  __TI_zero_init          
00000b1f  __aeabi_memclr          
00000b1f  __aeabi_memclr4         
00000b1f  __aeabi_memclr8         
00000a09  __aeabi_memcpy          
00000a09  __aeabi_memcpy4         
00000a09  __aeabi_memcpy8         
00000b21  __aeabi_memset          
00000b21  __aeabi_memset4         
00000b21  __aeabi_memset8         
ffffffff  __binit__               
ffffffff  __c_args__              
20000000  __stack                 
00000fe5  _args_main              
00000d39  _c_int00                
20000228  _lock                   
0000101f  _nop                    
00001017  _register_lock          
00001011  _register_unlock        
00001131  _system_pre_init        
2000022c  _unlock                 
00000e69  abort                   
ffffffff  binit                   
00000d89  copy_in                 
00000e71  exit                    
00000000  g_pfnVectors            
0000031f  ledPinConfig            
00000405  main                    
20000238  main_func_sp            
00000a09  memcpy                  
00000b27  memset                  
20000210  num                     
00000295  send_u32                
20000220  setMode                 
20000224  setTemp                 
00000315  setup                   
00000331  timerConfig             
20000200  ui32ADC0Value           
20000214  ui32TempAvg             
20000218  ui32TempValueC          
2000021c  ui32TempValueF          


GLOBAL SYMBOLS: SORTED BY Symbol Address 

address   name                    
-------   ----                    
00000000  __TI_static_base__      
00000000  g_pfnVectors            
00000200  __STACK_SIZE            
0000026d  UARTSend                
00000295  send_u32                
00000315  setup                   
0000031f  ledPinConfig            
00000331  timerConfig             
0000036f  UARTConfig              
000003b7  ADCConfig               
00000405  main                    
000004e1  Timer0IntHandler        
000005f5  UARTIntHandler          
000006d1  GPIOPadConfigSet        
00000805  SysCtlClockGet          
00000915  SysCtlClockSet          
00000a09  __aeabi_memcpy          
00000a09  __aeabi_memcpy4         
00000a09  __aeabi_memcpy8         
00000a09  memcpy                  
00000aa5  ADCSequenceStepConfigure
00000b1f  __aeabi_memclr          
00000b1f  __aeabi_memclr4         
00000b1f  __aeabi_memclr8         
00000b21  __aeabi_memset          
00000b21  __aeabi_memset4         
00000b21  __aeabi_memset8         
00000b27  memset                  
00000b99  __TI_auto_init          
00000c71  IntEnable               
00000cd9  TimerConfigure          
00000d39  _c_int00                
00000d89  copy_in                 
00000dd5  GPIOPinConfigure        
00000e1d  UARTConfigSetExpClk     
00000e65  C$$EXIT                 
00000e69  abort                   
00000e71  exit                    
00000ea9  ADCSequenceConfigure    
00000ee9  SysCtlPeripheralEnable  
00000f1d  ADCIntStatus            
00000f4b  GPIODirModeSet          
00000f75  UARTDisable             
00000f95  ADCSequenceDataGet      
00000fb3  ADCProcessorTrigger     
00000fcb  GPIOPinTypeGPIOOutput   
00000fe5  _args_main              
00000ffd  UARTEnable              
00001011  _register_unlock        
00001017  _register_lock          
0000101f  _nop                    
00001025  GPIOPinTypeUART         
00001037  TimerLoadSet            
00001049  IntMasterDisable        
00001059  IntMasterEnable         
00001069  ADCSequenceEnable       
00001077  TimerEnable             
00001085  UARTCharGetNonBlocking  
00001093  UARTCharsAvail          
000010a1  __TI_decompress_none    
000010af  CPUcpsid                
000010bb  CPUcpsie                
000010c7  __TI_zero_init          
000010d3  ResetISR                
000010df  ADCIntClear             
000010e9  UARTCharGet             
000010f3  UARTCharPut             
000010fd  UARTIntStatus           
00001107  TimerIntEnable          
0000110f  UARTIntEnable           
00001117  GPIOPinWrite            
0000111d  SysCtlDelay             
00001123  __TI_decompress_rle24   
00001129  TimerIntClear           
0000112d  UARTIntClear            
00001131  _system_pre_init        
000012b8  __TI_Handler_Table_Base 
000012c4  __TI_Handler_Table_Limit
000012d0  __TI_CINIT_Base         
000012e0  __TI_CINIT_Limit        
20000000  __stack                 
20000200  __STACK_END             
20000200  __STACK_TOP             
20000200  ui32ADC0Value           
20000210  num                     
20000214  ui32TempAvg             
20000218  ui32TempValueC          
2000021c  ui32TempValueF          
20000220  setMode                 
20000224  setTemp                 
20000228  _lock                   
2000022c  _unlock                 
20000230  __TI_cleanup_ptr        
20000234  __TI_dtors_ptr          
20000238  main_func_sp            
ffffffff  __binit__               
ffffffff  __c_args__              
ffffffff  binit                   
UNDEFED   SHT$$INIT_ARRAY$$Base   
UNDEFED   SHT$$INIT_ARRAY$$Limit  

[100 symbols]
